Ran 29 tests for test/EarnXProtocol.t.sol:EarnXProtocolTest
[PASS] testFuzz_claimsAreProRataAndProtocolStaysSolvent(uint256,uint256,bool,uint256)
[PASS] testFuzz_interestNeverExceedsAprOverTenor(uint16,uint40)
[PASS] test_cancel_afterFundingWindowAnyoneCanCancelAndInvestorsGetRefunds()
[PASS] test_cancel_byExporterBeforeFunding()
[PASS] test_default_onlyAfterDueDatePlusGrace()
[PASS] test_default_reserveCoverIsLimitedByReserveSize()
[PASS] test_default_reserveCoversInvestorPrincipal()
[PASS] test_invest_capsAtRemainingAmount()
[PASS] test_invest_fullyFundedInvoicePaysExporterInSameTx()
[PASS] test_invest_guards()
[PASS] test_invest_lastPieceMayBeBelowMinimum()
[PASS] test_recoveryAfterDefault_paysInvestorsThenRefillsReserve()
[PASS] test_reject()
[PASS] test_repay_inFull_investorsClaimPrincipalPlusYieldProRata()
[PASS] test_repay_inParts_investorsCanClaimAsMoneyArrives()
[PASS] test_repay_revertsBeforeFunding()
[PASS] test_riskEngine_overridesVerifierPricing()
[PASS] test_submit_revertsForTenorOutOfRange()
[PASS] test_submit_revertsForUnsupportedToken()
[PASS] test_submit_revertsWithoutDocuments()
[PASS] test_submit_storesInvoice()
[PASS] test_tokenURI_isOnChainJson()
[PASS] test_verifyWithSig_anyoneCanRelay()
[PASS] test_verifyWithSig_rejectsReplayWrongDocsWrongSignerAndExpiry()
[PASS] test_verify_cannotVerifyTwice()
[PASS] test_verify_onlyVerifier()
[PASS] test_verify_opensFundingAndMintsSoulboundRecordToExporter()
[PASS] test_verify_rejectsRiskAboveLimitAndBadPricing()
[PASS] test_whenPaused_noNewInvestments()
Suite result: ok. 29 passed; 0 failed; 0 skipped; finished in 63.91ms (124.80ms CPU time)
